{"logTime": "0925/185217", "correlationVector":"Yz0dmeb3jxfHuZG0zO+bS3.1","action":"SyncServerConnectionManagerRequest", "result":"SYNC_SERVER_OK", "context":{"environment":"Prod_francecentral_prod-s01-062-eur-francecentral", "migrationStage":"NotStarted", "server":"akswtt11700006r"}}
{"logTime": "0925/185217", "correlationVector":"Yz0dmeb3jxfHuZG0zO+bS3.2","action":"AAD.Mip.Unpack", "result":"Success", "context":MIP_CLOUD_COMMERCIAL:Success}
{"logTime": "0925/185217", "correlationVector":"Yz0dmeb3jxfHuZG0zO+bS3.3","action":"EncryptionKeysManager::SetEncryptionKeys:", "result":"Success", "context":Key names[1]:[rsMGU1IFIBBHQraet2iA1FK0jaw3SoyPtyJnjt8430J2LcjEoB56Hzpq7Bwynlxm0QKty4wNSlUV6O0delyv6g==]}
{"logTime": "0925/185217", "correlationVector":"Yz0dmeb3jxfHuZG0zO+bS3.4","action":"AAD.GetKeyResponse", "result":"Success", "context":Keys=1.LastKeyStatus=Active. 2026-05-28 16:59:41 +0159.State=None. Tags: Current_encryption_keys_tag = BWfvv714Ze+/vTMV77+9NTzvv71G77+977+977+977+977+977+977+977+90o7vv73vv71Ta0Na, Updated_current_encryption_keys_tag = Empty. Emails: ["augustin.duhant@fareneit.fr"]}
{"logTime": "0925/185217", "correlationVector":"Yz0dmeb3jxfHuZG0zO+bS3.5","action":"ProcessGetUpdates", "result":"Done", "context":{"dataType":"Encryption Keys", "deleted":"0", "process_failed_to_decrypt":"0", "process_pending_decryption":"0", "process_success":"1", "total":"1"}}
{"logTime": "0925/185217", "correlationVector":"Yz0dmeb3jxfHuZG0zO+bS3","action":"Initial GetUpdates", "result":"", "context":Reason: NEW_CLIENT. cV=Yz0dmeb3jxfHuZG0zO+bS3}
{"logTime": "0925/185217", "correlationVector":"Yz0dmeb3jxfHuZG0zO+bS3.6","action":"GetUpdates Response", "result":"Success", "context":Received 1 update(s). cV=Yz0dmeb3jxfHuZG0zO+bS3.0;server=akswtt11700006r;cloudType=Multitenant;environment=Prod_francecentral_prod-s01-062-eur-francecentral;migrationStage=NotStarted}
{"logTime": "0925/185217", "correlationVector":"Wmbuen8q4rVATnka6S+TWj","action":"Initial GetUpdates", "result":"", "context":Reason: NEW_CLIENT. cV=Wmbuen8q4rVATnka6S+TWj}
{"logTime": "0925/185218", "correlationVector":"Wmbuen8q4rVATnka6S+TWj.1","action":"SyncServerConnectionManagerRequest", "result":"SYNC_SERVER_OK", "context":{"environment":"Prod_francecentral_prod-s01-062-eur-francecentral", "migrationStage":"NotStarted", "server":"akswtt11700005z"}}
{"logTime": "0925/185218", "correlationVector":"Wmbuen8q4rVATnka6S+TWj.2","action":"ProcessGetUpdates", "result":"Done", "context":{"dataType":"Device Info", "deleted":"0", "process_failed_to_decrypt":"0", "process_pending_decryption":"0", "process_success":"23", "total":"23"}}
{"logTime": "0925/185218", "correlationVector":"Wmbuen8q4rVATnka6S+TWj.3","action":"GetUpdates Response", "result":"Success", "context":Received 23 update(s). cV=Wmbuen8q4rVATnka6S+TWj.0;server=akswtt11700005z;cloudType=Multitenant;environment=Prod_francecentral_prod-s01-062-eur-francecentral;migrationStage=NotStarted}
{"logTime": "0925/185218", "correlationVector":"wBRAHMKBZrQxYpRId8L6dp","action":"Initial GetUpdates", "result":"", "context":Reason: NEW_CLIENT. cV=wBRAHMKBZrQxYpRId8L6dp}
{"logTime": "0925/185218", "correlationVector":"wBRAHMKBZrQxYpRId8L6dp.1","action":"SyncServerConnectionManagerRequest", "result":"SYNC_SERVER_OK", "context":{"environment":"Prod_francecentral_prod-s01-062-eur-francecentral", "migrationStage":"NotStarted", "server":"akswtt11700006r"}}
{"logTime": "0925/185218", "correlationVector":"wBRAHMKBZrQxYpRId8L6dp.2","action":"ProcessGetUpdates", "result":"Done", "context":{"dataType":"Bookmarks", "deleted":"0", "process_failed_to_decrypt":"0", "process_pending_decryption":"0", "process_success":"6", "total":"6"}}
{"logTime": "0925/185218", "correlationVector":"wBRAHMKBZrQxYpRId8L6dp.3","action":"ProcessGetUpdates", "result":"Done", "context":{"dataType":"Preferences", "deleted":"0", "process_failed_to_decrypt":"0", "process_pending_decryption":"0", "process_success":"21", "total":"21"}}
{"logTime": "0925/185218", "correlationVector":"wBRAHMKBZrQxYpRId8L6dp.4","action":"ProcessGetUpdates", "result":"Done", "context":{"dataType":"Autofill", "deleted":"0", "process_failed_to_decrypt":"0", "process_pending_decryption":"0", "process_success":"9", "total":"9"}}
{"logTime": "0925/185218", "correlationVector":"wBRAHMKBZrQxYpRId8L6dp.5","action":"ProcessGetUpdates", "result":"Done", "context":{"dataType":"Sessions", "deleted":"0", "process_failed_to_decrypt":"0", "process_pending_decryption":"0", "process_success":"26", "total":"26"}}
{"logTime": "0925/185218", "correlationVector":"wBRAHMKBZrQxYpRId8L6dp.6","action":"ProcessGetUpdates", "result":"Done", "context":{"dataType":"Edge Hub App Usage", "deleted":"0", "process_failed_to_decrypt":"0", "process_pending_decryption":"0", "process_success":"1", "total":"1"}}
{"logTime": "0925/185218", "correlationVector":"wBRAHMKBZrQxYpRId8L6dp.7","action":"GetUpdates Response", "result":"Success", "context":Received 63 update(s). cV=wBRAHMKBZrQxYpRId8L6dp.0;server=akswtt11700006r;cloudType=Multitenant;environment=Prod_francecentral_prod-s01-062-eur-francecentral;migrationStage=NotStarted}
{"logTime": "0925/185218", "correlationVector":"CFHNL4Mneg/5xOSKL2jpKG","action":"Initial GetUpdates", "result":"", "context":Reason: NEW_CLIENT. cV=CFHNL4Mneg/5xOSKL2jpKG}
{"logTime": "0925/185218", "correlationVector":"CFHNL4Mneg/5xOSKL2jpKG.1","action":"SyncServerConnectionManagerRequest", "result":"SYNC_SERVER_OK", "context":{"environment":"Prod_francecentral_prod-s01-062-eur-francecentral", "migrationStage":"NotStarted", "server":"akswtt11700006b"}}
{"logTime": "0925/185218", "correlationVector":"CFHNL4Mneg/5xOSKL2jpKG.2","action":"ProcessGetUpdates", "result":"Done", "context":{"dataType":"History", "deleted":"0", "process_failed_to_decrypt":"0", "process_pending_decryption":"0", "process_success":"3", "total":"3"}}
{"logTime": "0925/185218", "correlationVector":"CFHNL4Mneg/5xOSKL2jpKG.3","action":"GetUpdates Response", "result":"Success", "context":Received 3 update(s). cV=CFHNL4Mneg/5xOSKL2jpKG.0;server=akswtt11700006b;cloudType=Multitenant;environment=Prod_francecentral_prod-s01-062-eur-francecentral;migrationStage=NotStarted}
{"logTime": "0925/185218", "correlationVector":"T1jLWVxutXvP/V/lJ8KzI1","action":"Normal GetUpdate request", "result":"", "context":cV=T1jLWVxutXvP/V/lJ8KzI1
Nudged types: Sessions, Device Info, User Consents
Refresh requested types: Bookmarks, Preferences, Passwords, Autofill Profiles, Autofill, Extensions, Sessions, Extension settings, History Delete Directives, Device Info, User Consents, Send Tab To Self, Web Apps, History, Saved Tab Group, WebAuthn Credentials, Edge Hub App Usage, Edge Workspace, Encryption Keys}
{"logTime": "0925/185218", "correlationVector":"T1jLWVxutXvP/V/lJ8KzI1.1","action":"SyncServerConnectionManagerRequest", "result":"SYNC_SERVER_OK", "context":{"environment":"Prod_francecentral_prod-s01-062-eur-francecentral", "migrationStage":"NotStarted", "server":"akswtt117000001"}}
{"logTime": "0925/185218", "correlationVector":"T1jLWVxutXvP/V/lJ8KzI1.2","action":"GetUpdates Response", "result":"Success", "context":Received 0 update(s). cV=T1jLWVxutXvP/V/lJ8KzI1.0;server=akswtt117000001;cloudType=Multitenant;environment=Prod_francecentral_prod-s01-062-eur-francecentral;migrationStage=NotStarted}
{"logTime": "0925/185218", "correlationVector":"NacqIos9G25CuMG66lz4r6","action":"DoCompareDataConsistency requsted types: ", "result":"Bookmarks, Preferences, Passwords, Extensions, Extension settings, History Delete Directives, Send Tab To Self, Web Apps, History, Saved Tab Group, WebAuthn Credentials, Edge Workspace, Encryption Keys"}
{"logTime": "0925/185218", "correlationVector":"NacqIos9G25CuMG66lz4r6.0","action":"CompareDataConsistency result: ", "result":"Compare result: Encryption Keys is consistent. local entities count is: 1 local entities hash is: 8KAY/vYzT4NcqhjExr+A4lKGs3c="}
{"logTime": "0925/185218", "correlationVector":"NacqIos9G25CuMG66lz4r6.1","action":"CompareDataConsistency result: ", "result":"Compare result: Bookmarks is consistent. local entities count is: 0 local entities hash is: "}
{"logTime": "0925/185218", "correlationVector":"NacqIos9G25CuMG66lz4r6.2","action":"CompareDataConsistency result: ", "result":"Compare result: Preferences is consistent. local entities count is: 21 local entities hash is: uYOlKm38lFf9jnsu7/wMZjFtEG4="}
{"logTime": "0925/185218", "correlationVector":"NacqIos9G25CuMG66lz4r6.3","action":"CompareDataConsistency result: ", "result":"Compare result: Passwords is consistent. local entities count is: 0 local entities hash is: "}
{"logTime": "0925/185218", "correlationVector":"NacqIos9G25CuMG66lz4r6.4","action":"CompareDataConsistency result: ", "result":"Compare result: Extensions is consistent. local entities count is: 0 local entities hash is: "}
{"logTime": "0925/185218", "correlationVector":"NacqIos9G25CuMG66lz4r6.5","action":"CompareDataConsistency result: ", "result":"Compare result: Extension settings is consistent. local entities count is: 0 local entities hash is: "}
{"logTime": "0925/185218", "correlationVector":"NacqIos9G25CuMG66lz4r6.6","action":"CompareDataConsistency result: ", "result":"Compare result: History Delete Directives is consistent. local entities count is: 0 local entities hash is: "}
{"logTime": "0925/185218", "correlationVector":"NacqIos9G25CuMG66lz4r6.7","action":"CompareDataConsistency result: ", "result":"Server did not send this Send Tab To Self local entities count is: 0 local entities hash is: "}
{"logTime": "0925/185218", "correlationVector":"NacqIos9G25CuMG66lz4r6.8","action":"CompareDataConsistency result: ", "result":"Compare result: Web Apps is consistent. local entities count is: 0 local entities hash is: "}
{"logTime": "0925/185218", "correlationVector":"NacqIos9G25CuMG66lz4r6.9","action":"CompareDataConsistency result: ", "result":"Server did not send this History local entities count is: 0 local entities hash is: "}
{"logTime": "0925/185218", "correlationVector":"NacqIos9G25CuMG66lz4r6.10","action":"CompareDataConsistency result: ", "result":"Compare result: Saved Tab Group is consistent. local entities count is: 0 local entities hash is: "}
{"logTime": "0925/185218", "correlationVector":"NacqIos9G25CuMG66lz4r6.11","action":"CompareDataConsistency result: ", "result":"Server did not send this WebAuthn Credentials local entities count is: 0 local entities hash is: "}
{"logTime": "0925/185218", "correlationVector":"NacqIos9G25CuMG66lz4r6.12","action":"CompareDataConsistency result: ", "result":"Server did not send this Edge Workspace local entities count is: 0 local entities hash is: "}
{"logTime": "0925/185218", "correlationVector":"k7OoXXsdyocSC1WzkAYbHB","action":"Commit Request", "result":"", "context":Item count: 4
Contributing types: Sessions, Device Info, User Consents}
{"logTime": "0925/185218", "correlationVector":"k7OoXXsdyocSC1WzkAYbHB.1","action":"SyncServerConnectionManagerRequest", "result":"SYNC_SERVER_OK", "context":{"environment":"Prod_francecentral_prod-s01-062-eur-francecentral", "migrationStage":"NotStarted", "server":"akswtt11700005a"}}
{"logTime": "0925/185218", "correlationVector":"k7OoXXsdyocSC1WzkAYbHB.2","action":"Commit Response", "result":"Success", "context":Result: Success. cV=k7OoXXsdyocSC1WzkAYbHB.0;server=akswtt11700005a;cloudType=Multitenant;environment=Prod_francecentral_prod-s01-062-eur-francecentral;migrationStage=NotStarted}
{"logTime": "0925/185218", "correlationVector":"","action":"DIAGNOSTIC_REQUEST|v1/diagnosticData/Diagnostic.SendCheckResult()|SUCCESS", "result":""}
{"logTime": "0925/185219", "correlationVector":"IcK7yql2jHGPFTgtD4ub4n","action":"Commit Request", "result":"", "context":Item count: 1
Contributing types: Sessions}
{"logTime": "0925/185219", "correlationVector":"IcK7yql2jHGPFTgtD4ub4n.1","action":"SyncServerConnectionManagerRequest", "result":"SYNC_SERVER_OK", "context":{"environment":"Prod_francecentral_prod-s01-062-eur-francecentral", "migrationStage":"NotStarted", "server":"akswtt11700005a"}}
{"logTime": "0925/185219", "correlationVector":"IcK7yql2jHGPFTgtD4ub4n.2","action":"Commit Response", "result":"Success", "context":Result: Success. cV=IcK7yql2jHGPFTgtD4ub4n.0;server=akswtt11700005a;cloudType=Multitenant;environment=Prod_francecentral_prod-s01-062-eur-francecentral;migrationStage=NotStarted}
