{"logTime": "0925/184812", "correlationVector":"Kemc6UiddrvTCmjBJgLaqk.1","action":"SyncServerConnectionManagerRequest", "result":"SYNC_SERVER_OK", "context":{"environment":"Prod_francecentral_prod-s01-062-eur-francecentral", "migrationStage":"NotStarted", "server":"akswtt117000060"}}
{"logTime": "0925/184812", "correlationVector":"Kemc6UiddrvTCmjBJgLaqk.2","action":"AAD.Mip.Unpack", "result":"Success", "context":MIP_CLOUD_COMMERCIAL:Success}
{"logTime": "0925/184812", "correlationVector":"Kemc6UiddrvTCmjBJgLaqk.3","action":"EncryptionKeysManager::SetEncryptionKeys:", "result":"Success", "context":Key names[1]:[rsMGU1IFIBBHQraet2iA1FK0jaw3SoyPtyJnjt8430J2LcjEoB56Hzpq7Bwynlxm0QKty4wNSlUV6O0delyv6g==]}
{"logTime": "0925/184812", "correlationVector":"Kemc6UiddrvTCmjBJgLaqk.4","action":"AAD.GetKeyResponse", "result":"Success", "context":Keys=1.LastKeyStatus=Active. 2026-05-28 16:59:41 +0159.State=None. Tags: Current_encryption_keys_tag = BWfvv714Ze+/vTMV77+9NTzvv71G77+977+977+977+977+977+977+977+90o7vv73vv71Ta0Na, Updated_current_encryption_keys_tag = Empty. Emails: ["augustin.duhant@fareneit.fr"]}
{"logTime": "0925/184812", "correlationVector":"Kemc6UiddrvTCmjBJgLaqk.5","action":"ProcessGetUpdates", "result":"Done", "context":{"dataType":"Encryption Keys", "deleted":"0", "process_failed_to_decrypt":"0", "process_pending_decryption":"0", "process_success":"1", "total":"1"}}
{"logTime": "0925/184812", "correlationVector":"Kemc6UiddrvTCmjBJgLaqk","action":"Initial GetUpdates", "result":"", "context":Reason: NEW_CLIENT. cV=Kemc6UiddrvTCmjBJgLaqk}
{"logTime": "0925/184812", "correlationVector":"Kemc6UiddrvTCmjBJgLaqk.6","action":"GetUpdates Response", "result":"Success", "context":Received 1 update(s). cV=Kemc6UiddrvTCmjBJgLaqk.0;server=akswtt117000060;cloudType=Multitenant;environment=Prod_francecentral_prod-s01-062-eur-francecentral;migrationStage=NotStarted}
{"logTime": "0925/184812", "correlationVector":"f1RSy3vwJN+WSbfNm5SmSG","action":"Initial GetUpdates", "result":"", "context":Reason: NEW_CLIENT. cV=f1RSy3vwJN+WSbfNm5SmSG}
{"logTime": "0925/184812", "correlationVector":"f1RSy3vwJN+WSbfNm5SmSG.1","action":"SyncServerConnectionManagerRequest", "result":"SYNC_SERVER_OK", "context":{"environment":"Prod_francecentral_prod-s01-062-eur-francecentral", "migrationStage":"NotStarted", "server":"akswtt11700000q"}}
{"logTime": "0925/184812", "correlationVector":"f1RSy3vwJN+WSbfNm5SmSG.2","action":"ProcessGetUpdates", "result":"Done", "context":{"dataType":"Device Info", "deleted":"0", "process_failed_to_decrypt":"0", "process_pending_decryption":"0", "process_success":"19", "total":"19"}}
{"logTime": "0925/184812", "correlationVector":"f1RSy3vwJN+WSbfNm5SmSG.3","action":"GetUpdates Response", "result":"Success", "context":Received 19 update(s). cV=f1RSy3vwJN+WSbfNm5SmSG.0;server=akswtt11700000q;cloudType=Multitenant;environment=Prod_francecentral_prod-s01-062-eur-francecentral;migrationStage=NotStarted}
{"logTime": "0925/184812", "correlationVector":"Avxr+LgKOF6feiJry0VT6M","action":"Initial GetUpdates", "result":"", "context":Reason: NEW_CLIENT. cV=Avxr+LgKOF6feiJry0VT6M}
{"logTime": "0925/184812", "correlationVector":"Avxr+LgKOF6feiJry0VT6M.1","action":"SyncServerConnectionManagerRequest", "result":"SYNC_SERVER_OK", "context":{"environment":"Prod_francecentral_prod-s01-062-eur-francecentral", "migrationStage":"NotStarted", "server":"akswtt11700000c"}}
{"logTime": "0925/184812", "correlationVector":"Avxr+LgKOF6feiJry0VT6M.2","action":"ProcessGetUpdates", "result":"Done", "context":{"dataType":"Bookmarks", "deleted":"0", "process_failed_to_decrypt":"0", "process_pending_decryption":"0", "process_success":"6", "total":"6"}}
{"logTime": "0925/184812", "correlationVector":"Avxr+LgKOF6feiJry0VT6M.3","action":"ProcessGetUpdates", "result":"Done", "context":{"dataType":"Preferences", "deleted":"0", "process_failed_to_decrypt":"0", "process_pending_decryption":"0", "process_success":"21", "total":"21"}}
{"logTime": "0925/184812", "correlationVector":"Avxr+LgKOF6feiJry0VT6M.4","action":"ProcessGetUpdates", "result":"Done", "context":{"dataType":"Autofill", "deleted":"0", "process_failed_to_decrypt":"0", "process_pending_decryption":"0", "process_success":"9", "total":"9"}}
{"logTime": "0925/184812", "correlationVector":"Avxr+LgKOF6feiJry0VT6M.5","action":"ProcessGetUpdates", "result":"Done", "context":{"dataType":"Sessions", "deleted":"0", "process_failed_to_decrypt":"0", "process_pending_decryption":"0", "process_success":"18", "total":"18"}}
{"logTime": "0925/184812", "correlationVector":"Avxr+LgKOF6feiJry0VT6M.6","action":"ProcessGetUpdates", "result":"Done", "context":{"dataType":"Edge Hub App Usage", "deleted":"0", "process_failed_to_decrypt":"0", "process_pending_decryption":"0", "process_success":"1", "total":"1"}}
{"logTime": "0925/184812", "correlationVector":"Avxr+LgKOF6feiJry0VT6M.7","action":"GetUpdates Response", "result":"Success", "context":Received 55 update(s). cV=Avxr+LgKOF6feiJry0VT6M.0;server=akswtt11700000c;cloudType=Multitenant;environment=Prod_francecentral_prod-s01-062-eur-francecentral;migrationStage=NotStarted}
{"logTime": "0925/184812", "correlationVector":"f8zXC56vB+g44bvqk/xzcV","action":"Initial GetUpdates", "result":"", "context":Reason: NEW_CLIENT. cV=f8zXC56vB+g44bvqk/xzcV}
{"logTime": "0925/184813", "correlationVector":"f8zXC56vB+g44bvqk/xzcV.1","action":"SyncServerConnectionManagerRequest", "result":"SYNC_SERVER_OK", "context":{"environment":"Prod_francecentral_prod-s01-062-eur-francecentral", "migrationStage":"NotStarted", "server":"akswtt117000003"}}
{"logTime": "0925/184813", "correlationVector":"f8zXC56vB+g44bvqk/xzcV.2","action":"ProcessGetUpdates", "result":"Done", "context":{"dataType":"History", "deleted":"0", "process_failed_to_decrypt":"0", "process_pending_decryption":"0", "process_success":"3", "total":"3"}}
{"logTime": "0925/184813", "correlationVector":"f8zXC56vB+g44bvqk/xzcV.3","action":"GetUpdates Response", "result":"Success", "context":Received 3 update(s). cV=f8zXC56vB+g44bvqk/xzcV.0;server=akswtt117000003;cloudType=Multitenant;environment=Prod_francecentral_prod-s01-062-eur-francecentral;migrationStage=NotStarted}
{"logTime": "0925/184813", "correlationVector":"HBiCftI6vetGv1wcyPx1PX","action":"Normal GetUpdate request", "result":"", "context":cV=HBiCftI6vetGv1wcyPx1PX
Nudged types: Sessions, Device Info, User Consents
Refresh requested types: Bookmarks, Preferences, Passwords, Autofill Profiles, Autofill, Extensions, Sessions, Extension settings, History Delete Directives, Device Info, User Consents, Send Tab To Self, Web Apps, History, Saved Tab Group, WebAuthn Credentials, Edge Hub App Usage, Edge Workspace, Encryption Keys}
{"logTime": "0925/184813", "correlationVector":"HBiCftI6vetGv1wcyPx1PX.1","action":"SyncServerConnectionManagerRequest", "result":"SYNC_SERVER_OK", "context":{"environment":"Prod_francecentral_prod-s01-062-eur-francecentral", "migrationStage":"NotStarted", "server":"akswtt11700000r"}}
{"logTime": "0925/184813", "correlationVector":"HBiCftI6vetGv1wcyPx1PX.2","action":"GetUpdates Response", "result":"Success", "context":Received 0 update(s). cV=HBiCftI6vetGv1wcyPx1PX.0;server=akswtt11700000r;cloudType=Multitenant;environment=Prod_francecentral_prod-s01-062-eur-francecentral;migrationStage=NotStarted}
{"logTime": "0925/184813", "correlationVector":"dSbEAv8FohkXiUGpIkX6i9","action":"DoCompareDataConsistency requsted types: ", "result":"Bookmarks, Preferences, Passwords, Extensions, Extension settings, History Delete Directives, Send Tab To Self, Web Apps, History, Saved Tab Group, WebAuthn Credentials, Edge Workspace, Encryption Keys"}
{"logTime": "0925/184813", "correlationVector":"dSbEAv8FohkXiUGpIkX6i9.0","action":"CompareDataConsistency result: ", "result":"Compare result: Encryption Keys is consistent. local entities count is: 1 local entities hash is: 8KAY/vYzT4NcqhjExr+A4lKGs3c="}
{"logTime": "0925/184813", "correlationVector":"dSbEAv8FohkXiUGpIkX6i9.1","action":"CompareDataConsistency result: ", "result":"Compare result: Bookmarks is consistent. local entities count is: 0 local entities hash is: "}
{"logTime": "0925/184813", "correlationVector":"dSbEAv8FohkXiUGpIkX6i9.2","action":"CompareDataConsistency result: ", "result":"Compare result: Preferences is consistent. local entities count is: 21 local entities hash is: uYOlKm38lFf9jnsu7/wMZjFtEG4="}
{"logTime": "0925/184813", "correlationVector":"dSbEAv8FohkXiUGpIkX6i9.3","action":"CompareDataConsistency result: ", "result":"Compare result: Passwords is consistent. local entities count is: 0 local entities hash is: "}
{"logTime": "0925/184813", "correlationVector":"dSbEAv8FohkXiUGpIkX6i9.4","action":"CompareDataConsistency result: ", "result":"Compare result: Extensions is consistent. local entities count is: 0 local entities hash is: "}
{"logTime": "0925/184813", "correlationVector":"dSbEAv8FohkXiUGpIkX6i9.5","action":"CompareDataConsistency result: ", "result":"Compare result: Extension settings is consistent. local entities count is: 0 local entities hash is: "}
{"logTime": "0925/184813", "correlationVector":"dSbEAv8FohkXiUGpIkX6i9.6","action":"CompareDataConsistency result: ", "result":"Compare result: History Delete Directives is consistent. local entities count is: 0 local entities hash is: "}
{"logTime": "0925/184813", "correlationVector":"dSbEAv8FohkXiUGpIkX6i9.7","action":"CompareDataConsistency result: ", "result":"Server did not send this Send Tab To Self local entities count is: 0 local entities hash is: "}
{"logTime": "0925/184813", "correlationVector":"dSbEAv8FohkXiUGpIkX6i9.8","action":"CompareDataConsistency result: ", "result":"Compare result: Web Apps is consistent. local entities count is: 0 local entities hash is: "}
{"logTime": "0925/184813", "correlationVector":"dSbEAv8FohkXiUGpIkX6i9.9","action":"CompareDataConsistency result: ", "result":"Server did not send this History local entities count is: 0 local entities hash is: "}
{"logTime": "0925/184813", "correlationVector":"dSbEAv8FohkXiUGpIkX6i9.10","action":"CompareDataConsistency result: ", "result":"Compare result: Saved Tab Group is consistent. local entities count is: 0 local entities hash is: "}
{"logTime": "0925/184813", "correlationVector":"dSbEAv8FohkXiUGpIkX6i9.11","action":"CompareDataConsistency result: ", "result":"Server did not send this WebAuthn Credentials local entities count is: 0 local entities hash is: "}
{"logTime": "0925/184813", "correlationVector":"dSbEAv8FohkXiUGpIkX6i9.12","action":"CompareDataConsistency result: ", "result":"Server did not send this Edge Workspace local entities count is: 0 local entities hash is: "}
{"logTime": "0925/184813", "correlationVector":"X6aXIYjabqgNn9yTw2XYD0","action":"Commit Request", "result":"", "context":Item count: 4
Contributing types: Sessions, Device Info, User Consents}
{"logTime": "0925/184813", "correlationVector":"X6aXIYjabqgNn9yTw2XYD0.1","action":"SyncServerConnectionManagerRequest", "result":"SYNC_SERVER_OK", "context":{"environment":"Prod_francecentral_prod-s01-062-eur-francecentral", "migrationStage":"NotStarted", "server":"akswtt117000060"}}
{"logTime": "0925/184813", "correlationVector":"X6aXIYjabqgNn9yTw2XYD0.2","action":"Commit Response", "result":"Success", "context":Result: Success. cV=X6aXIYjabqgNn9yTw2XYD0.0;server=akswtt117000060;cloudType=Multitenant;environment=Prod_francecentral_prod-s01-062-eur-francecentral;migrationStage=NotStarted}
{"logTime": "0925/184813", "correlationVector":"","action":"DIAGNOSTIC_REQUEST|v1/diagnosticData/Diagnostic.SendCheckResult()|SUCCESS", "result":""}
{"logTime": "0925/184813", "correlationVector":"IYBBo79g6ikc3UekoKuCs2","action":"Normal GetUpdate request", "result":"", "context":cV=IYBBo79g6ikc3UekoKuCs2
Nudged types: Sessions, Device Info}
{"logTime": "0925/184813", "correlationVector":"IYBBo79g6ikc3UekoKuCs2.1","action":"SyncServerConnectionManagerRequest", "result":"SYNC_SERVER_OK", "context":{"environment":"Prod_francecentral_prod-s01-062-eur-francecentral", "migrationStage":"NotStarted", "server":"akswtt11700005b"}}
{"logTime": "0925/184813", "correlationVector":"IYBBo79g6ikc3UekoKuCs2.2","action":"ProcessGetUpdates", "result":"Done", "context":{"dataType":"Sessions", "deleted":"0", "process_failed_to_decrypt":"0", "process_pending_decryption":"0", "process_success":"2", "total":"2"}}
{"logTime": "0925/184813", "correlationVector":"IYBBo79g6ikc3UekoKuCs2.3","action":"ProcessGetUpdates", "result":"Done", "context":{"dataType":"Device Info", "deleted":"0", "process_failed_to_decrypt":"0", "process_pending_decryption":"0", "process_success":"1", "total":"1"}}
{"logTime": "0925/184813", "correlationVector":"IYBBo79g6ikc3UekoKuCs2.4","action":"GetUpdates Response", "result":"Success", "context":Received 3 update(s). cV=IYBBo79g6ikc3UekoKuCs2.0;server=akswtt11700005b;cloudType=Multitenant;environment=Prod_francecentral_prod-s01-062-eur-francecentral;migrationStage=NotStarted}
{"logTime": "0925/184814", "correlationVector":"7xGqebJNn0zigq65Mc+Zpt","action":"Normal GetUpdate request", "result":"", "context":cV=7xGqebJNn0zigq65Mc+Zpt
Nudged types: Device Info}
{"logTime": "0925/184814", "correlationVector":"7xGqebJNn0zigq65Mc+Zpt.1","action":"SyncServerConnectionManagerRequest", "result":"SYNC_SERVER_OK", "context":{"environment":"Prod_francecentral_prod-s01-062-eur-francecentral", "migrationStage":"NotStarted", "server":"akswtt117000007"}}
{"logTime": "0925/184814", "correlationVector":"7xGqebJNn0zigq65Mc+Zpt.2","action":"GetUpdates Response", "result":"Success", "context":Received 0 update(s). cV=7xGqebJNn0zigq65Mc+Zpt.0;server=akswtt117000007;cloudType=Multitenant;environment=Prod_francecentral_prod-s01-062-eur-francecentral;migrationStage=NotStarted}
{"logTime": "0925/184814", "correlationVector":"uMhDStrZC8HPZ4iM65NfVx","action":"Commit Request", "result":"", "context":Item count: 1
Contributing types: Device Info}
{"logTime": "0925/184814", "correlationVector":"uMhDStrZC8HPZ4iM65NfVx.1","action":"SyncServerConnectionManagerRequest", "result":"SYNC_SERVER_OK", "context":{"environment":"Prod_francecentral_prod-s01-062-eur-francecentral", "migrationStage":"NotStarted", "server":"akswtt11700006a"}}
{"logTime": "0925/184814", "correlationVector":"uMhDStrZC8HPZ4iM65NfVx.2","action":"Commit Response", "result":"Success", "context":Result: Success. cV=uMhDStrZC8HPZ4iM65NfVx.0;server=akswtt11700006a;cloudType=Multitenant;environment=Prod_francecentral_prod-s01-062-eur-francecentral;migrationStage=NotStarted}
{"logTime": "0925/184814", "correlationVector":"1nWoYdHLglv15UQ7jZ1mBS","action":"Normal GetUpdate request", "result":"", "context":cV=1nWoYdHLglv15UQ7jZ1mBS
Nudged types: Device Info
Notified types: Device Info}
{"logTime": "0925/184815", "correlationVector":"1nWoYdHLglv15UQ7jZ1mBS.1","action":"SyncServerConnectionManagerRequest", "result":"SYNC_SERVER_OK", "context":{"environment":"Prod_francecentral_prod-s01-062-eur-francecentral", "migrationStage":"NotStarted", "server":"akswtt11700000h"}}
{"logTime": "0925/184815", "correlationVector":"1nWoYdHLglv15UQ7jZ1mBS.2","action":"ProcessGetUpdates", "result":"Done", "context":{"dataType":"Sessions", "deleted":"0", "process_failed_to_decrypt":"0", "process_pending_decryption":"0", "process_success":"2", "total":"2"}}
{"logTime": "0925/184815", "correlationVector":"1nWoYdHLglv15UQ7jZ1mBS.3","action":"ProcessGetUpdates", "result":"Done", "context":{"dataType":"Device Info", "deleted":"0", "process_failed_to_decrypt":"0", "process_pending_decryption":"0", "process_success":"2", "total":"2"}}
{"logTime": "0925/184815", "correlationVector":"1nWoYdHLglv15UQ7jZ1mBS.4","action":"GetUpdates Response", "result":"Success", "context":Received 4 update(s). cV=1nWoYdHLglv15UQ7jZ1mBS.0;server=akswtt11700000h;cloudType=Multitenant;environment=Prod_francecentral_prod-s01-062-eur-francecentral;migrationStage=NotStarted}
